# Logfile created on 2017-04-12 14:51:51 +0800 by logger.rb/44203
I, [2017-04-12T14:51:51.017472 #30306]  INFO -- : will show content: 
 {"content"=>"Just Do IT\n", "create_at"=>2017-04-12 10:44:35 +0800, "shown_at"=>nil}
I, [2017-04-12T14:51:51.017797 #30306]  INFO -- : site updated!
I, [2017-04-12T14:51:51.018719 #30306]  INFO -- : yaml updated!
I, [2017-04-12T15:41:01.547197 #30610]  INFO -- : no unshown content found~
I, [2017-04-12T16:41:01.724642 #30902]  INFO -- : no unshown content found~
I, [2017-04-12T17:17:54.894214 #31564]  INFO -- : will show content: 
 {"content"=>"Just Do IT", "create_at"=>2017-04-12 17:17:54 +0800, "shown_at"=>nil}
I, [2017-04-12T17:17:54.894736 #31564]  INFO -- : site updated!
I, [2017-04-12T17:17:54.895559 #31564]  INFO -- : yaml updated!
I, [2017-04-12T17:18:58.118005 #31666]  INFO -- : will show content: 
 {"content"=>"Just Do IT", "create_at"=>2017-04-12 17:18:58 +0800, "shown_at"=>nil}
I, [2017-04-12T17:18:58.118399 #31666]  INFO -- : site updated!
I, [2017-04-12T17:18:58.119022 #31666]  INFO -- : yaml updated!
I, [2017-04-12T17:19:36.225525 #31719]  INFO -- : will show content: 
 {"content"=>"Just Do IT", "create_at"=>2017-04-12 17:19:36 +0800, "shown_at"=>nil}
I, [2017-04-12T17:19:36.225902 #31719]  INFO -- : site updated!
I, [2017-04-12T17:19:36.226575 #31719]  INFO -- : yaml updated!
I, [2017-04-12T17:19:58.700939 #31771]  INFO -- : will show content: 
 {"content"=>"Just Do IT", "create_at"=>2017-04-12 17:19:58 +0800, "shown_at"=>nil}
I, [2017-04-12T17:19:58.701340 #31771]  INFO -- : site updated!
I, [2017-04-12T17:19:58.701938 #31771]  INFO -- : yaml updated!
I, [2017-04-12T17:22:11.492366 #32010]  INFO -- : will show content: 
 {"content"=>"Hi,\n    Good day.", "create_at"=>2017-04-12 17:22:11 +0800, "shown_at"=>nil}
I, [2017-04-12T17:22:11.493000 #32010]  INFO -- : site updated!
I, [2017-04-12T17:22:11.493780 #32010]  INFO -- : yaml updated!
I, [2017-04-12T17:22:59.866166 #32079]  INFO -- : will show content: 
 {"content"=>"Just Do IT", "create_at"=>2017-04-12 17:22:11 +0800, "shown_at"=>nil}
I, [2017-04-12T17:22:59.866653 #32079]  INFO -- : site updated!
I, [2017-04-12T17:22:59.867756 #32079]  INFO -- : yaml updated!
I, [2017-04-12T17:25:02.326408 #32187]  INFO -- : will show content: 
 {"content"=>"Where amazing happens!", "create_at"=>2017-04-12 17:25:02 +0800, "shown_at"=>nil}
I, [2017-04-12T17:25:02.326816 #32187]  INFO -- : site updated!
I, [2017-04-12T17:25:02.327620 #32187]  INFO -- : yaml updated!
I, [2017-04-12T17:26:21.497386 #32307]  INFO -- : input_content: []
I, [2017-04-12T17:26:21.497513 #32307]  INFO -- : will show content: 
 {"content"=>"Where amazing happens!", "create_at"=>2017-04-12 17:25:02 +0800, "shown_at"=>nil}
I, [2017-04-12T17:26:21.497863 #32307]  INFO -- : site updated!
I, [2017-04-12T17:26:21.498498 #32307]  INFO -- : yaml updated!
